// Jest Snapshot v1, https://goo.gl/fbAQLP

exports[`Screen matches the snapshot 1`] = `
<View
  style={
    Array [
      Object {
        "backgroundColor": "white",
        "borderRadius": 5,
        "flexDirection": "row",
        "height": 50,
        "marginBottom": 5,
        "marginLeft": 5,
        "marginRight": 5,
        "marginTop": 10,
        "paddingBottom": 0,
        "paddingLeft": 0,
        "paddingRight": 0,
        "paddingTop": 0,
        "shadowColor": "rgba(0,0,0,0.3)",
        "shadowOffset": Object {
          "height": 0,
          "width": 0,
        },
        "shadowOpacity": 1,
        "shadowRadius": 2,
      },
    ]
  }
/>
`;
